// Jest Snapshot v1, https://goo.gl/fbAQLP

exports[`FooterComponent should match 1`] = `
<div
  className="footer__component"
>
  <p>
    By: Gemma Sanz
  </p>
</div>
`;
