// Jest Snapshot v1, https://goo.gl/fbAQLP

exports[`LogoutButton should match 1`] = `
<button
  className="button__red"
  onClick={[Function]}
>
  Log Out
</button>
`;
